------------------------------------------------------------
Timing Analyzer Summary
------------------------------------------------------------

Type  : Slow 1100mV 85C Model Setup 'CLOCK_50'
Slack : -14.860
TNS   : -109085.163

Type  : Slow 1100mV 85C Model Setup 'clk_div_reg'
Slack : -8.979
TNS   : -396.022

Type  : Slow 1100mV 85C Model Hold 'CLOCK_50'
Slack : 0.363
TNS   : 0.000

Type  : Slow 1100mV 85C Model Hold 'clk_div_reg'
Slack : 0.814
TNS   : 0.000

Type  : Slow 1100mV 85C Model Recovery 'CLOCK_50'
Slack : -2.251
TNS   : -91.881

Type  : Slow 1100mV 85C Model Removal 'CLOCK_50'
Slack : 0.895
TNS   : 0.000

Type  : Slow 1100mV 85C Model Minimum Pulse Width 'CLOCK_50'
Slack : -2.174
TNS   : -46793.098

Type  : Slow 1100mV 85C Model Minimum Pulse Width 'clk_div_reg'
Slack : -0.394
TNS   : -32.135

Type  : Slow 1100mV 0C Model Setup 'CLOCK_50'
Slack : -14.844
TNS   : -106887.280

Type  : Slow 1100mV 0C Model Setup 'clk_div_reg'
Slack : -9.059
TNS   : -400.490

Type  : Slow 1100mV 0C Model Hold 'CLOCK_50'
Slack : 0.302
TNS   : 0.000

Type  : Slow 1100mV 0C Model Hold 'clk_div_reg'
Slack : 0.769
TNS   : 0.000

Type  : Slow 1100mV 0C Model Recovery 'CLOCK_50'
Slack : -2.209
TNS   : -90.853

Type  : Slow 1100mV 0C Model Removal 'CLOCK_50'
Slack : 0.785
TNS   : 0.000

Type  : Slow 1100mV 0C Model Minimum Pulse Width 'CLOCK_50'
Slack : -2.174
TNS   : -46694.559

Type  : Slow 1100mV 0C Model Minimum Pulse Width 'clk_div_reg'
Slack : -0.394
TNS   : -31.398

Type  : Fast 1100mV 85C Model Setup 'CLOCK_50'
Slack : -8.032
TNS   : -62203.503

Type  : Fast 1100mV 85C Model Setup 'clk_div_reg'
Slack : -4.845
TNS   : -212.525

Type  : Fast 1100mV 85C Model Hold 'CLOCK_50'
Slack : 0.117
TNS   : 0.000

Type  : Fast 1100mV 85C Model Hold 'clk_div_reg'
Slack : 0.408
TNS   : 0.000

Type  : Fast 1100mV 85C Model Recovery 'CLOCK_50'
Slack : -0.920
TNS   : -34.003

Type  : Fast 1100mV 85C Model Removal 'CLOCK_50'
Slack : 0.518
TNS   : 0.000

Type  : Fast 1100mV 85C Model Minimum Pulse Width 'CLOCK_50'
Slack : -2.174
TNS   : -46542.560

Type  : Fast 1100mV 85C Model Minimum Pulse Width 'clk_div_reg'
Slack : -0.011
TNS   : -0.063

Type  : Fast 1100mV 0C Model Setup 'CLOCK_50'
Slack : -7.350
TNS   : -54526.735

Type  : Fast 1100mV 0C Model Setup 'clk_div_reg'
Slack : -4.500
TNS   : -198.834

Type  : Fast 1100mV 0C Model Hold 'CLOCK_50'
Slack : -0.004
TNS   : -0.004

Type  : Fast 1100mV 0C Model Hold 'clk_div_reg'
Slack : 0.375
TNS   : 0.000

Type  : Fast 1100mV 0C Model Recovery 'CLOCK_50'
Slack : -0.796
TNS   : -28.531

Type  : Fast 1100mV 0C Model Removal 'CLOCK_50'
Slack : 0.454
TNS   : 0.000

Type  : Fast 1100mV 0C Model Minimum Pulse Width 'CLOCK_50'
Slack : -2.174
TNS   : -46569.385

Type  : Fast 1100mV 0C Model Minimum Pulse Width 'clk_div_reg'
Slack : 0.031
TNS   : 0.000

------------------------------------------------------------
