------------------------------------------------------------
Timing Analyzer Summary
------------------------------------------------------------

Type  : Slow 1100mV 85C Model Setup 'CLOCK_50'
Slack : -12.199
TNS   : -40264.010

Type  : Slow 1100mV 85C Model Setup 'clk_div_reg'
Slack : -9.409
TNS   : -328.489

Type  : Slow 1100mV 85C Model Hold 'CLOCK_50'
Slack : 0.363
TNS   : 0.000

Type  : Slow 1100mV 85C Model Hold 'clk_div_reg'
Slack : 0.567
TNS   : 0.000

Type  : Slow 1100mV 85C Model Minimum Pulse Width 'CLOCK_50'
Slack : -2.174
TNS   : -16685.253

Type  : Slow 1100mV 85C Model Minimum Pulse Width 'clk_div_reg'
Slack : -0.394
TNS   : -31.050

Type  : Slow 1100mV 0C Model Setup 'CLOCK_50'
Slack : -12.300
TNS   : -39617.345

Type  : Slow 1100mV 0C Model Setup 'clk_div_reg'
Slack : -9.593
TNS   : -330.237

Type  : Slow 1100mV 0C Model Hold 'CLOCK_50'
Slack : 0.237
TNS   : 0.000

Type  : Slow 1100mV 0C Model Hold 'clk_div_reg'
Slack : 0.556
TNS   : 0.000

Type  : Slow 1100mV 0C Model Minimum Pulse Width 'CLOCK_50'
Slack : -2.174
TNS   : -16662.632

Type  : Slow 1100mV 0C Model Minimum Pulse Width 'clk_div_reg'
Slack : -0.394
TNS   : -30.503

Type  : Fast 1100mV 85C Model Setup 'CLOCK_50'
Slack : -7.329
TNS   : -23541.221

Type  : Fast 1100mV 85C Model Setup 'clk_div_reg'
Slack : -5.365
TNS   : -172.134

Type  : Fast 1100mV 85C Model Hold 'CLOCK_50'
Slack : 0.002
TNS   : 0.000

Type  : Fast 1100mV 85C Model Hold 'clk_div_reg'
Slack : 0.254
TNS   : 0.000

Type  : Fast 1100mV 85C Model Minimum Pulse Width 'CLOCK_50'
Slack : -2.174
TNS   : -16513.327

Type  : Fast 1100mV 85C Model Minimum Pulse Width 'clk_div_reg'
Slack : -0.037
TNS   : -0.320

Type  : Fast 1100mV 0C Model Setup 'CLOCK_50'
Slack : -6.406
TNS   : -20624.929

Type  : Fast 1100mV 0C Model Setup 'clk_div_reg'
Slack : -4.925
TNS   : -158.087

Type  : Fast 1100mV 0C Model Hold 'CLOCK_50'
Slack : -0.199
TNS   : -1.214

Type  : Fast 1100mV 0C Model Hold 'clk_div_reg'
Slack : 0.224
TNS   : 0.000

Type  : Fast 1100mV 0C Model Minimum Pulse Width 'CLOCK_50'
Slack : -2.174
TNS   : -16522.767

Type  : Fast 1100mV 0C Model Minimum Pulse Width 'clk_div_reg'
Slack : 0.008
TNS   : 0.000

------------------------------------------------------------
